
> vite_react_shadcn_ts@0.0.0 build
> vite build

[36mvite v5.4.19 [32mbuilding for production...[36m[39m
transforming...
node.exe : Browserslist: browsers data (caniuse-lite) is 10 months old. Please run:
At C:\Program Files\nodejs\npm.ps1:29 char:3
+   & $NODE_EXE $NPM_CLI_JS $args
+   ~~~~~~~~~~~~~~~~~~~~~~~~~~~~~
    + CategoryInfo          : NotSpecified: (Browserslist: b...ld. Please run::String) [], RemoteException
    + FullyQualifiedErrorId : NativeCommandError
 
  npx update-browserslist-db@latest
  Why you should do it regularly: https://github.com/browserslist/update-db#readme
[32mΓ£ô[39m 2105 modules transformed.
rendering chunks...
computing gzip size...
[2mdist/[22m[32mindex.html                             [39m[1m[2m    1.55 kB[22m[1m[22m[2m Γöé gzip:   0.62 kB[22m
[2mdist/[22m[32massets/electra-register-CyyrJ-Cg.png   [39m[1m[2m   47.79 kB[22m[1m[22m
[2mdist/[22m[32massets/autocti-login-CxIeusTo.png      [39m[1m[2m  141.37 kB[22m[1m[22m
[2mdist/[22m[32massets/electra-voting-CyXbnIoj.png     [39m[1m[2m  180.78 kB[22m[1m[22m
[2mdist/[22m[32massets/autocti-dashboard-BDtvXkbg.png  [39m[1m[2m  197.21 kB[22m[1m[22m
[2mdist/[22m[32massets/electra-winners-B9aGMAyg.png    [39m[1m[2m  199.72 kB[22m[1m[22m
[2mdist/[22m[32massets/electra-home-C_wImmWD.png       [39m[1m[2m  292.05 kB[22m[1m[22m
[2mdist/[22m[32massets/electra-login-DUvqcSbD.png      [39m[1m[2m  378.07 kB[22m[1m[22m
[2mdist/[22m[35massets/index-C6Oy11vN.css              [39m[1m[2m   69.96 kB[22m[1m[22m[2m Γöé gzip:  11.84 kB[22m
[2mdist/[22m[36massets/index-BWnRhfQy.js               [39m[1m[33m1,297.55 kB[39m[22m[2m Γöé gzip: 372.31 kB[22m
[33m
(!) Some chunks are larger than 500 kB after minification. Consider:
- Using dynamic import() to code-split the application
- Use build.rollupOptions.output.manualChunks to improve chunking: 
https://rollupjs.org/configuration-options/#output-manualchunks
- Adjust chunk size limit for this warning via build.chunkSizeWarningLimit.[39m
[32mΓ£ô built in 14.84s[39m
